// Jest Snapshot v1, https://goo.gl/fbAQLP

exports[`Question should match expected snapshot. default 1`] = `
<div
  className="row mb-5 mb-md-3"
>
  <label
    className="col-9 col-md-7 form-label"
    htmlFor="question-culture"
  >
    Avez-vous du temps pour vos projets personnels ?
  </label>
  <div
    className="col-3 col-md-1 text-right"
  >
    75
    %
  </div>
  <div
    className="col-md-4"
  >
    <input
      className="form-range px-0 w-100"
      id="question-culture"
      onChange={[Function]}
      step={1}
      type="range"
      value="75"
    />
  </div>
</div>
`;
